// Jest Snapshot v1, https://goo.gl/fbAQLP

exports[`types should be defined 1`] = `
{
  "DefaultLocaleIndex": {
    "0": "cn",
    "cn": 0,
    "eu": 0,
    "kr": 0,
    "tw": 0,
    "us": 0,
  },
  "LeagueIdAsNumber": {
    "0": "Bronze",
    "1": "Silver",
    "2": "Gold",
    "3": "Platinum",
    "4": "Diamond",
    "5": "Master",
    "6": "Grandmaster",
    "Bronze": 0,
    "Diamond": 4,
    "Gold": 2,
    "Grandmaster": 6,
    "Master": 5,
    "Platinum": 3,
    "Silver": 1,
  },
  "LeagueIdAsString": {
    "Bronze": "0",
    "Diamond": "4",
    "Gold": "2",
    "Grandmaster": "6",
    "Master": "5",
    "Platinum": "3",
    "Silver": "1",
  },
  "Locale": {
    "de_DE": "de_DE",
    "en_GB": "en_GB",
    "en_US": "en_US",
    "es_ES": "es_ES",
    "es_MX": "es_MX",
    "fr_FR": "fr_FR",
    "it_IT": "it_IT",
    "ko_KR": "ko_KR",
    "pt_BR": "pt_BR",
    "pt_PT": "pt_PT",
    "ru_RU": "ru_RU",
    "zh_CN": "zh_CN",
    "zh_TW": "zh_TW",
  },
  "ProfileUrlLocale": {
    "DeDe": "de-de",
    "EnGb": "en-gb",
    "EnUs": "en-us",
    "EsEs": "es-es",
    "EsMx": "es-mx",
    "FrFr": "fr-fr",
    "ItIt": "it-it",
    "PlPl": "pl-pl",
    "PtBr": "pt-br",
    "RuRu": "ru-ru",
  },
  "QueueIdAsNumber": {
    "1": "WoL1v1",
    "101": "HotS1v1",
    "102": "HotS2v2",
    "103": "HotS3v3",
    "104": "HotS4v4",
    "2": "WoL2v2",
    "201": "LotV1v1",
    "202": "LotV2v2",
    "203": "LotV3v3",
    "204": "LotV4v4",
    "206": "LotVArchon",
    "3": "WoL3v3",
    "4": "WoL4v4",
    "HotS1v1": 101,
    "HotS2v2": 102,
    "HotS3v3": 103,
    "HotS4v4": 104,
    "LotV1v1": 201,
    "LotV2v2": 202,
    "LotV3v3": 203,
    "LotV4v4": 204,
    "LotVArchon": 206,
    "WoL1v1": 1,
    "WoL2v2": 2,
    "WoL3v3": 3,
    "WoL4v4": 4,
  },
  "QueueIdAsString": {
    "HotS1v1": "101",
    "HotS2v2": "102",
    "HotS3v3": "103",
    "HotS4v4": "104",
    "LotV1v1": "201",
    "LotV2v2": "202",
    "LotV3v3": "203",
    "LotV4v4": "204",
    "LotVArchon": "206",
    "WoL1v1": "1",
    "WoL2v2": "2",
    "WoL3v3": "3",
    "WoL4v4": "4",
  },
  "RegionIdAsStringEnum": {
    "cn": "5",
    "eu": "2",
    "kr": "3",
    "tw": "3",
    "us": "1",
  },
  "RegionIdEnum": {
    "1": "us",
    "2": "eu",
    "3": "tw",
    "5": "cn",
    "cn": 5,
    "eu": 2,
    "kr": 3,
    "tw": 3,
    "us": 1,
  },
  "RegionNameEnum": {
    "cn": "cn",
    "eu": "eu",
    "kr": "kr",
    "tw": "tw",
    "us": "us",
  },
  "Sc2Realm": {
    "1": "China",
    "2": "Taiwan",
    "China": 1,
    "Europe": 1,
    "Korea": 1,
    "LatAm": 2,
    "Russia": 2,
    "Taiwan": 2,
    "US": 1,
  },
  "TeamTypeAsNumber": {
    "0": "Arranged",
    "1": "Random",
    "Arranged": 0,
    "Random": 1,
  },
  "TeamTypeAsString": {
    "Arranged": "0",
    "Random": "1",
  },
}
`;
